Nothing to build in platform 'design_1_wrapper_T7'

15:31:17 **** Incremental Build of configuration Debug for project HDMIT7 ****
make all 
make --no-print-directory pre-build
a9-linaro-pre-build-step
' '
make --no-print-directory main-build
'Building file: ../src/freertos_hello_world.c'
'Invoking: ARM v7 gcc compiler'
arm-none-eabi-gcc -Wall -O0 -g3 -c -fmessage-length=0 -MT"src/freertos_hello_world.o" -mcpu=cortex-a9 -mfpu=vfpv3 -mfloat-abi=hard -IC:/DERDEJAAR/EOS/Series/Freestyle/Pogingvier/VitisT7/design_1_wrapper_T7/export/design_1_wrapper_T7/sw/design_1_wrapper_T7/freertos10_xilinx_ps7_cortexa9_0/bspinclude/include -MMD -MP -MF"src/freertos_hello_world.d" -MT"src/freertos_hello_world.o" -o "src/freertos_hello_world.o" "../src/freertos_hello_world.c"
'Finished building: ../src/freertos_hello_world.c'
' '
'Building target: HDMIT7.elf'
'Invoking: ARM v7 gcc linker'
arm-none-eabi-gcc -mcpu=cortex-a9 -mfpu=vfpv3 -mfloat-abi=hard -Wl,-build-id=none -specs=Xilinx.spec -Wl,-T -Wl,../src/lscript.ld -LC:/DERDEJAAR/EOS/Series/Freestyle/Pogingvier/VitisT7/design_1_wrapper_T7/export/design_1_wrapper_T7/sw/design_1_wrapper_T7/freertos10_xilinx_ps7_cortexa9_0/bsplib/lib -o "HDMIT7.elf"  ./src/freertos_hello_world.o   -Wl,--start-group,-lxil,-lfreertos,-lgcc,-lc,--end-group -Wl,--start-group,-lxiltimer,-lxil,-lgcc,-lc,--end-group
'Finished building target: HDMIT7.elf'
' '
'Invoking: ARM v7 Print Size'
arm-none-eabi-size HDMIT7.elf  |tee "HDMIT7.elf.size"
   text	   data	    bss	    dec	    hex	filename
  98120	   3492	12530424	12632036	 c0bfe4	HDMIT7.elf
'Finished building: HDMIT7.elf.size'
' '
